2026-05-02 03:33:35,908 INFO Loading inputs …
2026-05-02 03:33:45,589 INFO StockFeatureGenerator: 32 features, 520 tickers, 5112 dates
2026-05-02 03:33:49,020 INFO validation_end=2026-04-24
2026-05-02 03:33:49,021 INFO Building beta/stress …
2026-05-02 03:33:49,518 INFO Building B.5 constrained weights (full period) …
2026-05-02 03:34:09,718 INFO B.5 weights shape: (4607, 267), time 33.8s
2026-05-02 03:34:09,719 INFO Actual rebalance dates — train: 59, val: 13
2026-05-02 03:34:09,719 INFO Building training environment …
2026-05-02 03:34:11,398 INFO Episode mode: max_episodes=1000, patience=50, steps_per_episode=512
2026-05-02 03:34:47,993 INFO ep=1: val_sharpe=0.9243 NEW BEST — checkpoint saved (36.6s)
2026-05-02 03:35:24,348 INFO ep=2: val_sharpe=0.9905 NEW BEST — checkpoint saved (36.4s)
2026-05-02 03:36:00,830 INFO ep=3: val_sharpe=0.9928 NEW BEST — checkpoint saved (36.5s)
2026-05-02 03:36:37,462 INFO ep=4: val_sharpe=1.0402 NEW BEST — checkpoint saved (36.6s)
2026-05-02 03:37:14,259 INFO ep=5: val_sharpe=0.9954 best=1.0402 patience=1 (36.8s)
2026-05-02 03:37:50,076 INFO ep=6: val_sharpe=1.0349 best=1.0402 patience=2 (35.8s)
2026-05-02 03:38:25,886 INFO ep=7: val_sharpe=1.0384 best=1.0402 patience=3 (35.8s)
2026-05-02 03:39:02,001 INFO ep=8: val_sharpe=1.0512 NEW BEST — checkpoint saved (36.1s)
2026-05-02 03:39:38,750 INFO ep=9: val_sharpe=1.0940 NEW BEST — checkpoint saved (36.7s)
2026-05-02 03:40:14,697 INFO ep=10: val_sharpe=1.0847 best=1.0940 patience=1 (35.9s)
2026-05-02 03:40:51,413 INFO ep=11: val_sharpe=1.0109 best=1.0940 patience=2 (36.7s)
2026-05-02 03:41:28,088 INFO ep=12: val_sharpe=1.0773 best=1.0940 patience=3 (36.7s)
2026-05-02 03:42:04,008 INFO ep=13: val_sharpe=1.1018 NEW BEST — checkpoint saved (35.9s)
2026-05-02 03:42:39,947 INFO ep=14: val_sharpe=1.0843 best=1.1018 patience=1 (35.9s)
2026-05-02 03:43:15,289 INFO ep=15: val_sharpe=1.1009 best=1.1018 patience=2 (35.3s)
2026-05-02 03:43:52,037 INFO ep=16: val_sharpe=1.1163 NEW BEST — checkpoint saved (36.7s)
2026-05-02 03:44:27,810 INFO ep=17: val_sharpe=1.1116 best=1.1163 patience=1 (35.8s)
2026-05-02 03:45:03,973 INFO ep=18: val_sharpe=1.0842 best=1.1163 patience=2 (36.2s)
2026-05-02 03:45:40,188 INFO ep=19: val_sharpe=1.0907 best=1.1163 patience=3 (36.2s)
2026-05-02 03:46:15,895 INFO ep=20: val_sharpe=1.1062 best=1.1163 patience=4 (35.7s)
2026-05-02 03:46:52,358 INFO ep=21: val_sharpe=1.0333 best=1.1163 patience=5 (36.5s)
2026-05-02 03:47:27,943 INFO ep=22: val_sharpe=1.0489 best=1.1163 patience=6 (35.6s)
2026-05-02 03:48:03,999 INFO ep=23: val_sharpe=1.0402 best=1.1163 patience=7 (36.1s)
2026-05-02 03:48:40,060 INFO ep=24: val_sharpe=1.0645 best=1.1163 patience=8 (36.1s)
2026-05-02 03:49:16,015 INFO ep=25: val_sharpe=1.0724 best=1.1163 patience=9 (36.0s)
2026-05-02 03:49:52,073 INFO ep=26: val_sharpe=1.0166 best=1.1163 patience=10 (36.1s)
2026-05-02 03:50:28,403 INFO ep=27: val_sharpe=1.0200 best=1.1163 patience=11 (36.3s)
2026-05-02 03:51:04,879 INFO ep=28: val_sharpe=1.0420 best=1.1163 patience=12 (36.5s)
2026-05-02 03:51:41,494 INFO ep=29: val_sharpe=1.0533 best=1.1163 patience=13 (36.6s)
2026-05-02 03:52:17,492 INFO ep=30: val_sharpe=1.0248 best=1.1163 patience=14 (36.0s)
2026-05-02 03:52:54,279 INFO ep=31: val_sharpe=1.0317 best=1.1163 patience=15 (36.8s)
2026-05-02 03:53:30,041 INFO ep=32: val_sharpe=1.0444 best=1.1163 patience=16 (35.8s)
2026-05-02 03:54:06,178 INFO ep=33: val_sharpe=1.0731 best=1.1163 patience=17 (36.1s)
2026-05-02 03:54:42,590 INFO ep=34: val_sharpe=1.0358 best=1.1163 patience=18 (36.4s)
2026-05-02 03:55:18,690 INFO ep=35: val_sharpe=1.0407 best=1.1163 patience=19 (36.1s)
2026-05-02 03:55:55,477 INFO ep=36: val_sharpe=1.0667 best=1.1163 patience=20 (36.8s)
2026-05-02 03:56:31,639 INFO ep=37: val_sharpe=1.0205 best=1.1163 patience=21 (36.2s)
2026-05-02 03:57:07,832 INFO ep=38: val_sharpe=0.9928 best=1.1163 patience=22 (36.2s)
2026-05-02 03:57:43,941 INFO ep=39: val_sharpe=0.9924 best=1.1163 patience=23 (36.1s)
2026-05-02 03:58:19,688 INFO ep=40: val_sharpe=0.9861 best=1.1163 patience=24 (35.7s)
2026-05-02 03:58:56,022 INFO ep=41: val_sharpe=0.9931 best=1.1163 patience=25 (36.3s)
2026-05-02 03:59:31,646 INFO ep=42: val_sharpe=0.9701 best=1.1163 patience=26 (35.6s)
2026-05-02 04:00:07,613 INFO ep=43: val_sharpe=0.9648 best=1.1163 patience=27 (36.0s)
2026-05-02 04:00:44,085 INFO ep=44: val_sharpe=0.9416 best=1.1163 patience=28 (36.5s)
2026-05-02 04:01:19,598 INFO ep=45: val_sharpe=0.9161 best=1.1163 patience=29 (35.5s)
2026-05-02 04:01:56,173 INFO ep=46: val_sharpe=0.9247 best=1.1163 patience=30 (36.6s)
2026-05-02 04:02:32,327 INFO ep=47: val_sharpe=0.9190 best=1.1163 patience=31 (36.2s)
2026-05-02 04:03:08,035 INFO ep=48: val_sharpe=0.8984 best=1.1163 patience=32 (35.7s)
2026-05-02 04:03:43,601 INFO ep=49: val_sharpe=0.9315 best=1.1163 patience=33 (35.6s)
2026-05-02 04:04:19,247 INFO ep=50: val_sharpe=0.9041 best=1.1163 patience=34 (35.6s)
2026-05-02 04:04:55,813 INFO ep=51: val_sharpe=0.9318 best=1.1163 patience=35 (36.6s)
2026-05-02 04:05:32,224 INFO ep=52: val_sharpe=0.9228 best=1.1163 patience=36 (36.4s)
2026-05-02 04:06:08,304 INFO ep=53: val_sharpe=0.9327 best=1.1163 patience=37 (36.1s)
2026-05-02 04:06:44,815 INFO ep=54: val_sharpe=0.9227 best=1.1163 patience=38 (36.5s)
2026-05-02 04:07:20,561 INFO ep=55: val_sharpe=0.9151 best=1.1163 patience=39 (35.7s)
2026-05-02 04:07:57,251 INFO ep=56: val_sharpe=0.9046 best=1.1163 patience=40 (36.7s)
2026-05-02 04:08:34,062 INFO ep=57: val_sharpe=0.9442 best=1.1163 patience=41 (36.8s)
2026-05-02 04:09:09,819 INFO ep=58: val_sharpe=0.9690 best=1.1163 patience=42 (35.8s)
2026-05-02 04:09:47,154 INFO ep=59: val_sharpe=0.9879 best=1.1163 patience=43 (37.3s)
2026-05-02 04:10:22,874 INFO ep=60: val_sharpe=0.9940 best=1.1163 patience=44 (35.7s)
2026-05-02 04:10:59,239 INFO ep=61: val_sharpe=0.9823 best=1.1163 patience=45 (36.4s)
2026-05-02 04:11:35,594 INFO ep=62: val_sharpe=0.9644 best=1.1163 patience=46 (36.4s)
2026-05-02 04:12:12,052 INFO ep=63: val_sharpe=0.9433 best=1.1163 patience=47 (36.5s)
2026-05-02 04:12:48,462 INFO ep=64: val_sharpe=0.9275 best=1.1163 patience=48 (36.4s)
2026-05-02 04:13:24,329 INFO ep=65: val_sharpe=0.9437 best=1.1163 patience=49 (35.9s)
2026-05-02 04:14:01,017 INFO ep=66: val_sharpe=0.9303 best=1.1163 patience=50 (36.7s)
2026-05-02 04:14:01,018 INFO Early stopping at episode 66 (patience=50)
2026-05-02 04:14:01,023 INFO Final model saved: /home/shivamguptanit/github/us-rl-portfolio/artifacts/models/rl_ppo_final
2026-05-02 04:14:01,025 INFO Training log saved: 66 rows
2026-05-02 04:14:01,025 INFO Training complete: best_val_sharpe=1.1163, total_time=2425.1s
